../Middlewares/Third_Party/coreMQTT/core_mqtt.c:774:16:sendMessageVector	40	static
../Middlewares/Third_Party/coreMQTT/core_mqtt.c:985:16:recvExact	40	static
../Middlewares/Third_Party/coreMQTT/core_mqtt.c:878:16:sendBuffer	32	static
../Middlewares/Third_Party/coreMQTT/core_mqtt.c:953:25:getAckFromPacketType.part.0	8	static
../Middlewares/Third_Party/coreMQTT/core_mqtt.c:1287:21:sendPublishAcks	48	static
../Middlewares/Third_Party/coreMQTT/core_mqtt.c:2679:14:MQTT_Init	32	static
../Middlewares/Third_Party/coreMQTT/core_mqtt.c:2738:14:MQTT_InitStatefulQoS	8	static
../Middlewares/Third_Party/coreMQTT/core_mqtt.c:2795:14:MQTT_InitRetransmits	4	static
../Middlewares/Third_Party/coreMQTT/core_mqtt.c:2835:14:MQTT_CancelCallback	0	static
../Middlewares/Third_Party/coreMQTT/core_mqtt.c:2867:14:MQTT_CheckConnectStatus	0	static
../Middlewares/Third_Party/coreMQTT/core_mqtt.c:2908:14:MQTT_Connect	200	static
../Middlewares/Third_Party/coreMQTT/core_mqtt.c:3035:14:MQTT_Subscribe	96	static
../Middlewares/Third_Party/coreMQTT/core_mqtt.c:3090:14:MQTT_Publish	112	static
../Middlewares/Third_Party/coreMQTT/core_mqtt.c:3211:14:MQTT_Ping	32	static
../Middlewares/Third_Party/coreMQTT/core_mqtt.c:1717:21:receiveSingleIteration	88	static
../Middlewares/Third_Party/coreMQTT/core_mqtt.c:3300:14:MQTT_Unsubscribe	104	static
../Middlewares/Third_Party/coreMQTT/core_mqtt.c:3355:14:MQTT_Disconnect	32	static
../Middlewares/Third_Party/coreMQTT/core_mqtt.c:3438:14:MQTT_ProcessLoop	0	static
../Middlewares/Third_Party/coreMQTT/core_mqtt.c:3465:14:MQTT_ReceiveLoop	0	static
../Middlewares/Third_Party/coreMQTT/core_mqtt.c:3491:10:MQTT_GetPacketId	0	static
../Middlewares/Third_Party/coreMQTT/core_mqtt.c:3520:14:MQTT_MatchTopic	40	static
../Middlewares/Third_Party/coreMQTT/core_mqtt.c:3589:14:MQTT_GetSubAckStatusCodes	8	static
../Middlewares/Third_Party/coreMQTT/core_mqtt.c:3648:14:MQTT_Status_strerror	0	static
../Middlewares/Third_Party/coreMQTT/core_mqtt.c:3732:8:MQTT_GetBytesInMQTTVec	0	static
../Middlewares/Third_Party/coreMQTT/core_mqtt.c:3749:6:MQTT_SerializeMQTTVec	24	static
