../Middlewares/Third_Party/coreMQTT/core_mqtt_state.c:514:21:addRecord	32	static
../Middlewares/Third_Party/coreMQTT/core_mqtt_state.c:440:15:findInRecord.part.0	8	static
../Middlewares/Third_Party/coreMQTT/core_mqtt_state.c:581:13:updateRecord.part.0	8	static
../Middlewares/Third_Party/coreMQTT/core_mqtt_state.c:651:20:MQTT_CalculateStateAck	0	static
../Middlewares/Third_Party/coreMQTT/core_mqtt_state.c:819:14:MQTT_ReserveState	24	static
../Middlewares/Third_Party/coreMQTT/core_mqtt_state.c:848:20:MQTT_CalculateStatePublish	0	static
../Middlewares/Third_Party/coreMQTT/core_mqtt_state.c:877:14:MQTT_UpdateStatePublish	24	static
../Middlewares/Third_Party/coreMQTT/core_mqtt_state.c:951:14:MQTT_RemoveStateRecord	16	static
../Middlewares/Third_Party/coreMQTT/core_mqtt_state.c:999:14:MQTT_UpdateStateAck	32	static
../Middlewares/Third_Party/coreMQTT/core_mqtt_state.c:1081:10:MQTT_PubrelToResend	8	static
../Middlewares/Third_Party/coreMQTT/core_mqtt_state.c:1117:10:MQTT_PublishToResend	8	static
../Middlewares/Third_Party/coreMQTT/core_mqtt_state.c:1147:14:MQTT_State_strerror	0	static
