../Middlewares/Third_Party/coreMQTT/core_mqtt_serializer.c:927:13:incomingPacketValid	0	static
../Middlewares/Third_Party/coreMQTT/core_mqtt_serializer.c:1173:21:calculateSubscriptionPacketSize	16	static
../Middlewares/Third_Party/coreMQTT/core_mqtt_serializer.c:709:13:serializePublishCommon	32	static
../Middlewares/Third_Party/coreMQTT/core_mqtt_serializer.c:641:14:MQTT_SerializePublishHeaderWithoutTopic	16	static
../Middlewares/Third_Party/coreMQTT/core_mqtt_serializer.c:1558:11:MQTT_SerializeConnectFixedHeader	8	static
../Middlewares/Third_Party/coreMQTT/core_mqtt_serializer.c:1695:14:MQTT_GetConnectPacketSize	8	static
../Middlewares/Third_Party/coreMQTT/core_mqtt_serializer.c:1795:14:MQTT_SerializeConnect	32	static
../Middlewares/Third_Party/coreMQTT/core_mqtt_serializer.c:1853:14:MQTT_GetSubscribePacketSize	24	static
../Middlewares/Third_Party/coreMQTT/core_mqtt_serializer.c:1891:11:MQTT_SerializeSubscribeHeader	4	static
../Middlewares/Third_Party/coreMQTT/core_mqtt_serializer.c:1915:11:MQTT_SerializeUnsubscribeHeader	4	static
../Middlewares/Third_Party/coreMQTT/core_mqtt_serializer.c:1937:14:MQTT_SerializeSubscribe	24	static
../Middlewares/Third_Party/coreMQTT/core_mqtt_serializer.c:1983:14:MQTT_GetUnsubscribePacketSize	24	static
../Middlewares/Third_Party/coreMQTT/core_mqtt_serializer.c:2021:14:MQTT_SerializeUnsubscribe	24	static
../Middlewares/Third_Party/coreMQTT/core_mqtt_serializer.c:2062:14:MQTT_GetPublishPacketSize	8	static
../Middlewares/Third_Party/coreMQTT/core_mqtt_serializer.c:2103:14:MQTT_SerializePublish	24	static
../Middlewares/Third_Party/coreMQTT/core_mqtt_serializer.c:2188:14:MQTT_SerializePublishHeader	24	static
../Middlewares/Third_Party/coreMQTT/core_mqtt_serializer.c:2271:14:MQTT_SerializeAck	4	static
../Middlewares/Third_Party/coreMQTT/core_mqtt_serializer.c:2326:14:MQTT_GetDisconnectPacketSize	0	static
../Middlewares/Third_Party/coreMQTT/core_mqtt_serializer.c:2346:14:MQTT_SerializeDisconnect	0	static
../Middlewares/Third_Party/coreMQTT/core_mqtt_serializer.c:2389:14:MQTT_GetPingreqPacketSize	0	static
../Middlewares/Third_Party/coreMQTT/core_mqtt_serializer.c:2409:14:MQTT_SerializePingreq	0	static
../Middlewares/Third_Party/coreMQTT/core_mqtt_serializer.c:2452:14:MQTT_DeserializePublish	12	static
../Middlewares/Third_Party/coreMQTT/core_mqtt_serializer.c:2489:14:MQTT_DeserializeAck	8	static
../Middlewares/Third_Party/coreMQTT/core_mqtt_serializer.c:2566:14:MQTT_GetIncomingPacketTypeAndLength	40	static
../Middlewares/Third_Party/coreMQTT/core_mqtt_serializer.c:2631:14:MQTT_UpdateDuplicatePublishFlag	0	static
../Middlewares/Third_Party/coreMQTT/core_mqtt_serializer.c:2658:14:MQTT_ProcessIncomingPacketTypeAndLength	16	static
